
> cognition-os@0.1.0 test
> vitest run

[33mThe CJS build of Vite's Node API is deprecated. See https://vite.dev/guide/troubleshooting.html#vite-cjs-node-api-deprecated for more details.[39m

 RUN  v1.6.1 /Users/ashishsingh/Desktop/neetapp.nosync

stdout | tests/integration/mvpLocalLoop.test.ts > local MVP loop integration contract > walks the daily card, global MIND chat, session completion, worker effects, AUTOPSY, and learner-state context
{"level":"INFO","msg":"Session completion persisted","timestamp":"2026-06-04T04:51:30.519Z","userId":"00000000-0000-0000-0000-0000000000a1","feature":"session-completion","sessionId":"session-1","conceptId":"concept-motion","durationMs":1,"streakChanged":true}
{"level":"INFO","msg":"Session completion idempotency hit","timestamp":"2026-06-04T04:51:30.519Z","userId":"00000000-0000-0000-0000-0000000000a1","feature":"session-completion","sessionId":"session-1"}
{"level":"INFO","msg":"Autopsy Pass 1: Extracting","timestamp":"2026-06-04T04:51:30.520Z","userId":"00000000-0000-0000-0000-0000000000a1","testName":"Motion Mock"}
{"level":"INFO","msg":"Autopsy Pass 2: Diagnosing","timestamp":"2026-06-04T04:51:30.521Z","userId":"00000000-0000-0000-0000-0000000000a1","incorrect":1}
{"level":"INFO","msg":"AUTOPSY_MOCK_PROCESSED event enqueued transactionally","timestamp":"2026-06-04T04:51:30.522Z","userId":"00000000-0000-0000-0000-0000000000a1","autopsyId":"autopsy-1","eventId":"event-2"}

 ✓ tests/integration/mvpLocalLoop.test.ts  (1 test) 14ms
 ✓ __tests__/unit/session-card-selector.test.ts  (48 tests) 4ms
stderr | __tests__/unit/session-card-api.test.ts > Session Card API — Response Contract > T_STALE_CACHE: version mismatch → regeneration (LLM attempted)
{"level":"WARN","msg":"session-card: LLM prose generation failed, using code fallback","timestamp":"2026-06-04T04:51:30.611Z","userId":"test-user-id","error":"LLM not available"}

stderr | __tests__/unit/session-card-api.test.ts > Session Card API — Response Contract > T_LLM_FALLBACK: LLM failure → code-computed values used (no crash)
{"level":"WARN","msg":"session-card: LLM prose generation failed, using code fallback","timestamp":"2026-06-04T04:51:30.611Z","userId":"test-user-id","error":"Simulated LLM error"}

 ✓ __tests__/unit/session-card-api.test.ts  (8 tests) 8ms
 ✓ __tests__/integration/autopsy-pipeline.test.ts  (4 tests) 1ms
 ✓ __tests__/integration/mvp-smoke.test.ts  (11 tests | 7 skipped) 3ms
stdout | tests/hermes/manual-route-hermes.test.ts > Manual Autopsy Route — with Hermes > falls back to deterministic when Hermes throws HermesDisabledError
{"level":"INFO","msg":"Hermes disabled, using deterministic fallback","timestamp":"2026-06-04T04:51:30.887Z","userId":"user-123"}

stderr | tests/hermes/manual-route-hermes.test.ts > Manual Autopsy Route — with Hermes > never exposes raw error message to user
{"level":"WARN","msg":"Unknown error from Hermes, using deterministic fallback","timestamp":"2026-06-04T04:51:30.887Z","userId":"user-123","goalId":"11111111-1111-1111-1111-111111111111"}
{"level":"ERROR","msg":"Manual autopsy error","error":"DB is down","stack":"Error: DB is down\n    at /Users/ashishsingh/Desktop/neetapp.nosync/tests/hermes/manual-route-hermes.test.ts:204:66\n    at file:///Users/ashishsingh/Desktop/neetapp.nosync/node_modules/@vitest/runner/dist/index.js:135:14\n    at file:///Users/ashishsingh/Desktop/neetapp.nosync/node_modules/@vitest/runner/dist/index.js:60:26\n    at runTest (file:///Users/ashishsingh/Desktop/neetapp.nosync/node_modules/@vitest/runner/dist/index.js:781:17)\n    at runSuite (file:///Users/ashishsingh/Desktop/neetapp.nosync/node_modules/@vitest/runner/dist/index.js:909:15)\n    at runSuite (file:///Users/ashishsingh/Desktop/neetapp.nosync/node_modules/@vitest/runner/dist/index.js:909:15)\n    at runFiles (file:///Users/ashishsingh/Desktop/neetapp.nosync/node_modules/@vitest/runner/dist/index.js:958:5)\n    at startTests (file:///Users/ashishsingh/Desktop/neetapp.nosync/node_modules/@vitest/runner/dist/index.js:967:3)\n    at file:///Users/ashishsingh/Desktop/neetapp.nosync/node_modules/vitest/dist/chunks/runtime-runBaseTests.oAvMKtQC.js:116:7\n    at withEnv (file:///Users/ashishsingh/Desktop/neetapp.nosync/node_modules/vitest/dist/chunks/runtime-runBaseTests.oAvMKtQC.js:83:5)","timestamp":"2026-06-04T04:51:30.889Z"}

 ✓ tests/hermes/manual-route-hermes.test.ts  (7 tests) 6ms
 ✓ tests/hermes/event-worker-hermes.test.ts  (6 tests) 1ms
 ↓ tests/integration/agenticRls.test.ts  (11 tests | 11 skipped)
stdout | tests/services/commandPlan.test.ts > COMMAND plan service > creates an idempotent daily plan without persisting non-allowlisted beta actions
{"level":"INFO","msg":"Agent action blocked by beta policy","timestamp":"2026-06-04T04:51:30.915Z","userId":"00000000-0000-0000-0000-000000000001","actionType":"plan_created","reason":"Agent actions are disabled for beta stability."}
{"level":"INFO","msg":"Agent action recorded","timestamp":"2026-06-04T04:51:30.915Z","userId":"00000000-0000-0000-0000-000000000001","actionId":"agent_actions-1","actionType":"plan_created","riskLevel":"safe_auto","status":"skipped"}

 ❯ tests/services/commandPlan.test.ts  (2 tests | 1 failed) 3ms
   ❯ tests/services/commandPlan.test.ts > COMMAND plan service > creates an idempotent daily plan without persisting non-allowlisted beta actions
     → expected [ { id: 'agent_actions-1', …(17) } ] to deeply equal []
stdout | tests/services/commandPlan.test.ts > COMMAND plan service > does not invent a memory callback when no episode exists
{"level":"INFO","msg":"Agent action blocked by beta policy","timestamp":"2026-06-04T04:51:30.917Z","userId":"00000000-0000-0000-0000-000000000001","actionType":"plan_created","reason":"Agent actions are disabled for beta stability."}
{"level":"INFO","msg":"Agent action recorded","timestamp":"2026-06-04T04:51:30.917Z","userId":"00000000-0000-0000-0000-000000000001","actionId":"agent_actions-1","actionType":"plan_created","riskLevel":"safe_auto","status":"skipped"}

 ✓ tests/integration/privateBetaChatLoop.test.ts  (1 test) 1ms
stderr | tests/integration/privateBetaChatLoop.test.ts > private beta chat-first loop contract > grounds COMMAND, ATLAS, MEMORY, tutor memory, and analytics in DB state
{"level":"WARN","msg":"Failed to record COMMAND action","timestamp":"2026-06-04T04:51:30.924Z","issues":[{"validation":"uuid","code":"invalid_string","message":"Invalid uuid","path":["userId"]}],"name":"ZodError"}

 ✓ tests/hermes/mistake-agent.test.ts  (8 tests) 1ms
 ✓ tests/documents/parse-document.test.ts  (12 tests) 2ms
 ❯ tests/contracts/noSchemaDrift.test.ts  (6 tests | 1 failed) 183ms
   ❯ tests/contracts/noSchemaDrift.test.ts > migration contracts > runtime table and RPC references exist in active migrations
     → expected [ …(2) ] to deeply equal []
stdout | __tests__/unit/cheap-ai-arch.test.ts > Cheap-First AI Architecture > Output Limits > queues a 90-question mock test
{"level":"INFO","msg":"[OutputLimits] Queueing large mock test","timestamp":"2026-06-04T04:51:31.149Z","requestedCount":90,"mockTestLimit":20}

 ✓ __tests__/unit/cheap-ai-arch.test.ts  (15 tests) 3ms
stdout | __tests__/unit/cheap-ai-arch.test.ts > Cheap-First AI Architecture > Rule-First > handles weak chapters request
{"level":"INFO","msg":"[RuleFirst] Handled weak topics query","timestamp":"2026-06-04T04:51:31.149Z","userId":"user1"}

stdout | __tests__/unit/cheap-ai-arch.test.ts > Cheap-First AI Architecture > Rule-First > signals to queue large MCQ requests
{"level":"INFO","msg":"[RuleFirst] Detected large generation request","timestamp":"2026-06-04T04:51:31.149Z","userId":"user1"}

 ✓ __tests__/mind-context.test.ts  (6 tests) 2ms
 ✓ tests/chat/chat-finalization.test.ts  (5 tests) 2ms
 ✓ tests/documents/export-route.test.ts  (6 tests) 3ms
 ✓ tests/mind/mind-context-source.test.ts  (4 tests) 7ms
 ✓ tests/workers/eventWorkerChatSideEffects.test.ts  (2 tests) 6ms
 ✓ tests/db/mvp-schema-contract.test.ts  (4 tests) 20ms
stdout | tests/hermes/hermes-client.test.ts > runHermesJSON — Hermes enabled > validates output against schema and returns typed data
{"level":"INFO","msg":"[Hermes] Agent starting: hermes_mistake","timestamp":"2026-06-04T04:51:31.249Z","userId":"user-123","feature":"hermes","route":"/test","modelTier":"fast","model":"flash"}
{"level":"INFO","msg":"[Hermes] Agent completed: hermes_mistake","timestamp":"2026-06-04T04:51:31.249Z","userId":"user-123","durationMs":0,"feature":"hermes"}

stdout | tests/hermes/hermes-client.test.ts > runHermesJSON — Hermes enabled > throws HermesSchemaError when output fails Zod validation
{"level":"INFO","msg":"[Hermes] Agent starting: hermes_mistake","timestamp":"2026-06-04T04:51:31.250Z","userId":"user-123","feature":"hermes","route":"/test","modelTier":"fast","model":"flash"}

stderr | tests/hermes/hermes-client.test.ts > runHermesJSON — Hermes enabled > throws HermesSchemaError when output fails Zod validation
{"level":"WARN","msg":"[Hermes] Schema validation failed: hermes_mistake","timestamp":"2026-06-04T04:51:31.250Z","issues":[{"code":"invalid_type","expected":"string","received":"undefined","path":["required_field"],"message":"Required"}],"userId":"user-123","feature":"hermes"}

 ✓ tests/hermes/hermes-client.test.ts  (8 tests) 4ms
stdout | tests/hermes/hermes-client.test.ts > runHermesJSON — Hermes enabled > wraps provider error in HermesAgentError
{"level":"INFO","msg":"[Hermes] Agent starting: hermes_mistake","timestamp":"2026-06-04T04:51:31.251Z","userId":"user-123","feature":"hermes","route":"/test","modelTier":"fast","model":"flash"}

stderr | tests/hermes/hermes-client.test.ts > runHermesJSON — Hermes enabled > wraps provider error in HermesAgentError
{"level":"ERROR","msg":"[Hermes] Agent failed: hermes_mistake","error":"provider 503","stack":"Error: provider 503\n    at /Users/ashishsingh/Desktop/neetapp.nosync/tests/hermes/hermes-client.test.ts:126:69\n    at runTest (file:///Users/ashishsingh/Desktop/neetapp.nosync/node_modules/@vitest/runner/dist/index.js:781:11)\n    at runSuite (file:///Users/ashishsingh/Desktop/neetapp.nosync/node_modules/@vitest/runner/dist/index.js:909:15)\n    at runSuite (file:///Users/ashishsingh/Desktop/neetapp.nosync/node_modules/@vitest/runner/dist/index.js:909:15)\n    at runFiles (file:///Users/ashishsingh/Desktop/neetapp.nosync/node_modules/@vitest/runner/dist/index.js:958:5)\n    at startTests (file:///Users/ashishsingh/Desktop/neetapp.nosync/node_modules/@vitest/runner/dist/index.js:967:3)\n    at file:///Users/ashishsingh/Desktop/neetapp.nosync/node_modules/vitest/dist/chunks/runtime-runBaseTests.oAvMKtQC.js:116:7\n    at withEnv (file:///Users/ashishsingh/Desktop/neetapp.nosync/node_modules/vitest/dist/chunks/runtime-runBaseTests.oAvMKtQC.js:83:5)\n    at run (file:///Users/ashishsingh/Desktop/neetapp.nosync/node_modules/vitest/dist/chunks/runtime-runBaseTests.oAvMKtQC.js:105:3)\n    at runBaseTests (file:///Users/ashishsingh/Desktop/neetapp.nosync/node_modules/vitest/dist/vendor/base.Ybri3C14.js:30:3)","timestamp":"2026-06-04T04:51:31.251Z","userId":"user-123","durationMs":0,"feature":"hermes"}

 ✓ tests/engines/knowledgeEngine.test.ts  (2 tests) 1ms
 ↓ tests/integration/agenticWiring.test.ts  (3 tests | 3 skipped)
 ✓ tests/workers/eventWorker.test.ts  (2 tests) 5ms
 ✓ tests/chat/chatSideEffectsIdentity.test.ts  (2 tests) 2ms
stderr | tests/events/workerRouteAuth.test.ts > event worker route auth > fails closed when INTERNAL_CRON_SECRET is not configured
[CronAuth] INTERNAL_CRON_SECRET not configured or using default!

stderr | tests/events/workerRouteAuth.test.ts > event worker route auth > rejects requests without the configured bearer token
[CronAuth] Unauthorized cron access attempt

stderr | tests/events/workerRouteAuth.test.ts > event worker route auth > fails closed for weak production cron secrets
[CronAuth] INTERNAL_CRON_SECRET not configured or using default!

 ✓ tests/events/workerRouteAuth.test.ts  (5 tests) 4ms
stdout | tests/integration/private-beta-flows.test.ts > Private Beta Flow Integration Tests > Flow 1: Send chat message and receive fallback if AI fails
{"level":"INFO","msg":"Chat request started","timestamp":"2026-06-04T04:51:31.355Z","userId":"beta-user-1","requestId":"8f551198-4e2d-43e3-a1f9-64653f3a3b9c","feature":"chat"}

stdout | tests/integration/private-beta-flows.test.ts > Private Beta Flow Integration Tests > Flow 2: Submit test mistakes and trigger event
{"level":"INFO","msg":"Starting autopsy","timestamp":"2026-06-04T04:51:31.356Z","userId":"beta-user-1","requestId":"2e00a396-1c7f-46d4-b587-f0dbf5fca459","feature":"autopsy","testName":"Mock Test Autopsy","mimeType":"text/plain"}
{"level":"INFO","msg":"Autopsy job pending","timestamp":"2026-06-04T04:51:31.356Z","userId":"beta-user-1","jobId":"mistake-1","source":"autopsy_ingest"}

 ✓ tests/integration/private-beta-flows.test.ts  (3 tests) 3ms
 ✓ tests/events/eventDispatcher.test.ts  (5 tests) 3ms
stderr | tests/api/materials/uploadSafety.test.ts > Upload Route Safety Contracts > rejects an invalid file type
{"level":"WARN","msg":"Upload rejected: unsupported file type","timestamp":"2026-06-04T04:51:31.376Z","userId":"test-user-123","mimeType":"application/x-msdownload","requestId":"dab1643b-7b17-45cc-967b-d51ff32a47f7"}

stderr | tests/api/materials/uploadSafety.test.ts > Upload Route Safety Contracts > rejects an oversized file
{"level":"WARN","msg":"Upload rejected: file too large","timestamp":"2026-06-04T04:51:31.390Z","userId":"test-user-123","fileSize":10486784,"requestId":"03ce481d-67ed-43e3-92d1-058a1ffe8884"}

 ✓ tests/api/materials/uploadSafety.test.ts  (5 tests) 18ms
 ✓ tests/agents/actionExecutor.test.ts  (4 tests)
stderr | tests/agents/actionExecutor.test.ts > action executor > persists failed action when application fails
{"level":"WARN","msg":"Cheap agent action failed","timestamp":"2026-06-04T04:51:31.400Z","actionType":"create_revision_card_from_verified_mistake","agent":"REVISION","userId":"00000000-0000-0000-0000-000000000001","reason":"db failed"}

 ✓ __tests__/integration/autopsy-event-loop.test.ts  (2 tests) 2ms
 ✓ __tests__/services/practice.service.test.ts  (3 tests) 1ms
 ✓ tests/mind/mind-intent-policy.test.ts  (7 tests) 1ms
 ✓ tests/workers/eventWorkerStaleRoutes.test.ts  (1 test) 3ms
 ✓ tests/workers/autopsyJobWorker.test.ts  (1 test) 3ms
 ✓ tests/mind/mind-engine-independence.test.ts  (7 tests)
 ✓ tests/rls.test.ts  (5 tests) 6ms
 ✓ tests/integration/coreLoop.test.ts  (1 test) 7ms
 ✓ tests/services/billingUsageGates.test.ts  (5 tests) 4ms
 ✓ tests/agents/ruleAgents.test.ts  (4 tests)
 ❯ tests/db/runtime-table-usage.test.ts  (1 test | 1 failed) 9ms
   ❯ tests/db/runtime-table-usage.test.ts > Runtime Table Usage Consistency > ensures referenced tables in Supabase calls exist in known tables
     → Table autopsy-evidence used in runtime code but not known in test schema list.: expected false to be true // Object.is equality
stdout | tests/db/streak-rpc.test.ts > computeAndUpdateStreak > New user completes first study session today -> streak_days becomes 1
{"level":"INFO","msg":"Streak updated","timestamp":"2026-06-04T04:51:31.490Z","userId":"user-1","from":0,"to":1}

stdout | tests/db/streak-rpc.test.ts > computeAndUpdateStreak > Same user completes another session same day -> streak_days stays 1
{"level":"INFO","msg":"Streak updated","timestamp":"2026-06-04T04:51:31.490Z","userId":"user-1","from":1,"to":1}

stdout | tests/db/streak-rpc.test.ts > computeAndUpdateStreak > User completes next day -> streak_days becomes 2
{"level":"INFO","msg":"Streak updated","timestamp":"2026-06-04T04:51:31.490Z","userId":"user-1","from":1,"to":2}

stdout | tests/db/streak-rpc.test.ts > computeAndUpdateStreak > User misses a day then completes -> streak_days resets to 1
{"level":"INFO","msg":"Streak updated","timestamp":"2026-06-04T04:51:31.490Z","userId":"user-1","from":2,"to":1}

 ✓ tests/db/streak-rpc.test.ts  (4 tests)
 ✓ tests/autopsy/autopsyBetaSafety.test.ts  (2 tests) 1ms
stdout | tests/autopsy/autopsyBetaSafety.test.ts > Autopsy Beta Safety > rejects when autopsy is disabled
{"level":"INFO","msg":"Starting autopsy","timestamp":"2026-06-04T04:51:31.495Z","userId":"user123","requestId":"70a86531-e7c4-47f6-9b72-dc4a7cd2be40","feature":"autopsy","testName":"Mock Test Autopsy","mimeType":"text/plain"}

stdout | tests/autopsy/autopsyBetaSafety.test.ts > Autopsy Beta Safety > queues job when autopsy is enabled without processing synchronously
{"level":"INFO","msg":"Starting autopsy","timestamp":"2026-06-04T04:51:31.495Z","userId":"user123","requestId":"0e25b96c-474f-45bf-952c-4a015d537770","feature":"autopsy","testName":"Mock Test Autopsy","mimeType":"text/plain"}

stderr | tests/autopsy/mistake-ingestion.test.ts > Mistake Ingestion Tests > validates required fields for mistake ingestion
{"level":"ERROR","msg":"Autopsy ingest internal error","error":"Content-Type was not one of \"multipart/form-data\" or \"application/x-www-form-urlencoded\".","stack":"TypeError: Content-Type was not one of \"multipart/form-data\" or \"application/x-www-form-urlencoded\".\n    at node:internal/deps/undici/undici:5691:19\n    at successSteps (node:internal/deps/undici/undici:5719:27)\n    at consumeBody (node:internal/deps/undici/undici:5725:9)\n    at NextRequest.formData (node:internal/deps/undici/undici:5668:18)\n    at /Users/ashishsingh/Desktop/neetapp.nosync/app/api/autopsy/ingest/route.ts:106:38\n    at /Users/ashishsingh/Desktop/neetapp.nosync/tests/autopsy/mistake-ingestion.test.ts:57:22\n    at runTest (file:///Users/ashishsingh/Desktop/neetapp.nosync/node_modules/@vitest/runner/dist/index.js:781:11)\n    at runSuite (file:///Users/ashishsingh/Desktop/neetapp.nosync/node_modules/@vitest/runner/dist/index.js:909:15)\n    at runSuite (file:///Users/ashishsingh/Desktop/neetapp.nosync/node_modules/@vitest/runner/dist/index.js:909:15)\n    at runFiles (file:///Users/ashishsingh/Desktop/neetapp.nosync/node_modules/@vitest/runner/dist/index.js:958:5)","timestamp":"2026-06-04T04:51:31.504Z","userId":"user-123","requestId":"4e902a78-05f5-400e-beba-e982c487941b","feature":"autopsy"}

 ✓ tests/autopsy/mistake-ingestion.test.ts  (2 tests) 1ms
stdout | tests/autopsy/mistake-ingestion.test.ts > Mistake Ingestion Tests > correctly ingests valid mistakes and publishes event
{"level":"INFO","msg":"Starting autopsy","timestamp":"2026-06-04T04:51:31.504Z","userId":"user-123","requestId":"309f19b0-e4d3-4f15-adbe-b66fe991b08f","feature":"autopsy","testName":"Mock Test Autopsy","mimeType":"text/plain"}
{"level":"INFO","msg":"Autopsy job pending","timestamp":"2026-06-04T04:51:31.504Z","userId":"user-123","jobId":"mistake-1","source":"autopsy_ingest"}

 ✓ tests/chat/chatPersistence.test.ts  (2 tests) 1ms
 ✓ tests/config/env-preflight.test.ts  (4 tests) 3619ms
 ✓ __tests__/unit/rag-final.test.ts  (6 tests) 1ms
 ✓ tests/security/admin-client-allowlist.test.ts  (2 tests) 8ms
stderr | tests/security/cronAuth.test.ts > cronAuth validation > rejects missing secret
[CronAuth] INTERNAL_CRON_SECRET not configured or using default!

 ✓ tests/security/cronAuth.test.ts  (6 tests) 1ms
stderr | tests/security/cronAuth.test.ts > cronAuth validation > rejects weak secret
[CronAuth] INTERNAL_CRON_SECRET not configured or using default!

stderr | tests/security/cronAuth.test.ts > cronAuth validation > rejects short secret in production
[CronAuth] INTERNAL_CRON_SECRET not configured or using default!

stderr | tests/security/cronAuth.test.ts > cronAuth validation > rejects if auth header does not match
[CronAuth] Unauthorized cron access attempt

stdout | tests/events/event-worker.test.ts > Event Worker Tests > processes events and respects locks
{"level":"INFO","msg":"Event worker leases acquired","timestamp":"2026-06-04T04:51:35.168Z","workerId":"d204d82f-af60-41e1-8ea0-be57de68cc56","feature":"event-worker","leaseCount":1}
{"level":"INFO","msg":"Event consumer started","timestamp":"2026-06-04T04:51:35.168Z","workerId":"d204d82f-af60-41e1-8ea0-be57de68cc56","traceId":"event-1","feature":"event-worker","eventId":"event-1","eventType":"TEST_EVENT","consumer":"test-consumer"}
{"level":"INFO","msg":"Event consumer completed","timestamp":"2026-06-04T04:51:35.168Z","workerId":"d204d82f-af60-41e1-8ea0-be57de68cc56","traceId":"event-1","feature":"event-worker","eventId":"event-1","eventType":"TEST_EVENT","consumer":"test-consumer","durationMs":0,"resultStatus":"HANDLED"}

stderr | tests/events/event-worker.test.ts > Event Worker Tests > processes events and respects locks
{"level":"WARN","msg":"Cheap agentic cycle skipped: event lacks user_id","timestamp":"2026-06-04T04:51:35.168Z","eventId":"event-1","eventType":"TEST_EVENT"}

 ✓ tests/events/event-worker.test.ts  (2 tests) 3ms
stdout | tests/events/event-worker.test.ts > Event Worker Tests > handles event failures and increments attempts
{"level":"INFO","msg":"Event worker leases acquired","timestamp":"2026-06-04T04:51:35.169Z","workerId":"163096ab-d3f4-43f3-a1ab-243ce6f0e861","feature":"event-worker","leaseCount":1}
{"level":"INFO","msg":"Event consumer started","timestamp":"2026-06-04T04:51:35.169Z","workerId":"163096ab-d3f4-43f3-a1ab-243ce6f0e861","traceId":"event-2","feature":"event-worker","eventId":"event-2","eventType":"TEST_EVENT","consumer":"test-consumer"}

stderr | tests/events/event-worker.test.ts > Event Worker Tests > handles event failures and increments attempts
{"level":"WARN","msg":"Cheap agentic cycle skipped: event lacks user_id","timestamp":"2026-06-04T04:51:35.169Z","eventId":"event-2","eventType":"TEST_EVENT"}
{"level":"ERROR","msg":"Event consumer failed","error":"undefined","timestamp":"2026-06-04T04:51:35.169Z","consumer":"test-consumer","event_type":"TEST_EVENT","duration_ms":0,"success":false}
{"level":"ERROR","msg":"Critical error captured","error":"Fail","stack":"Error: Fail\n    at Function.processLease (/Users/ashishsingh/Desktop/neetapp.nosync/lib/events/worker.ts:308:15)\n    at /Users/ashishsingh/Desktop/neetapp.nosync/lib/events/worker.ts:216:25\n    at async Promise.all (index 0)\n    at Function.processLeasesWithBoundedConcurrency (/Users/ashishsingh/Desktop/neetapp.nosync/lib/events/worker.ts:229:5)\n    at Function.processBatch (/Users/ashishsingh/Desktop/neetapp.nosync/lib/events/worker.ts:128:12)\n    at /Users/ashishsingh/Desktop/neetapp.nosync/tests/events/event-worker.test.ts:60:20\n    at runTest (file:///Users/ashishsingh/Desktop/neetapp.nosync/node_modules/@vitest/runner/dist/index.js:781:11)\n    at runSuite (file:///Users/ashishsingh/Desktop/neetapp.nosync/node_modules/@vitest/runner/dist/index.js:909:15)\n    at runSuite (file:///Users/ashishsingh/Desktop/neetapp.nosync/node_modules/@vitest/runner/dist/index.js:909:15)\n    at runFiles (file:///Users/ashishsingh/Desktop/neetapp.nosync/node_modules/@vitest/runner/dist/index.js:958:5)","timestamp":"2026-06-04T04:51:35.169Z"}
{"level":"WARN","msg":"Event consumer retry scheduled","timestamp":"2026-06-04T04:51:35.169Z","feature":"event-worker","eventId":"event-2","eventType":"TEST_EVENT","consumer":"test-consumer","retryCount":1,"nextRetryAt":"2026-06-04T04:51:55.169Z"}
{"level":"WARN","msg":"Event consumer failed","timestamp":"2026-06-04T04:51:35.169Z","workerId":"163096ab-d3f4-43f3-a1ab-243ce6f0e861","traceId":"event-2","feature":"event-worker","eventId":"event-2","eventType":"TEST_EVENT","consumer":"test-consumer","durationMs":0,"error":"Fail"}

 ✓ tests/contracts/noPulseProductGaps.test.ts  (5 tests) 3ms
stdout | tests/chat/chatPayloadSchema.test.ts > Chat Payload Schema Validation > rejects completely invalid JSON or malformed schema
{"level":"INFO","msg":"Chat request started","timestamp":"2026-06-04T04:51:35.194Z","userId":"test-user-id","requestId":"c873aa21-4197-4f6e-b8b8-2520c738e48a","feature":"chat"}

stderr | tests/chat/chatPayloadSchema.test.ts > Chat Payload Schema Validation > rejects completely invalid JSON or malformed schema
{"level":"WARN","msg":"Invalid chat payload","timestamp":"2026-06-04T04:51:35.194Z","requestId":"c873aa21-4197-4f6e-b8b8-2520c738e48a","userId":"test-user-id","receivedKeys":["sessionTurnsCount"],"reason":"[\n  {\n    \"code\": \"invalid_type\",\n    \"expected\": \"number\",\n    \"received\": \"string\",\n    \"path\": [\n      \"sessionTurnsCount\"\n    ],\n    \"message\": \"Expected number, received string\"\n  }\n]"}

 ✓ tests/chat/chatPayloadSchema.test.ts  (2 tests) 15ms
stdout | tests/chat/chatPayloadSchema.test.ts > Chat Payload Schema Validation > accepts null values for optional payload fields and proceeds
{"level":"INFO","msg":"Chat request started","timestamp":"2026-06-04T04:51:35.195Z","userId":"test-user-id","requestId":"01c127e3-f6b2-4ce3-b647-b1f13acb5b31","feature":"chat"}

stderr | tests/security/upload-validation.test.ts > Upload Validation Security > rejects upload without a file
{"level":"WARN","msg":"Upload rejected: no file provided","timestamp":"2026-06-04T04:51:35.205Z","userId":"user-123","requestId":"758818a6-be87-4fce-be3a-3b1308decd7e"}

stderr | tests/security/upload-validation.test.ts > Upload Validation Security > rejects upload with unsupported file type
{"level":"WARN","msg":"Upload rejected: unsupported file type","timestamp":"2026-06-04T04:51:35.206Z","userId":"user-123","mimeType":"application/x-msdownload","requestId":"94e59204-e4f9-470e-a15c-c9379cfd8f3c"}

 ✓ tests/security/upload-validation.test.ts  (3 tests) 3ms
stderr | tests/security/upload-validation.test.ts > Upload Validation Security > rejects upload with oversized file
{"level":"WARN","msg":"Upload rejected: file too large","timestamp":"2026-06-04T04:51:35.208Z","userId":"user-123","fileSize":10485761,"requestId":"c0e5499e-b1e8-4af7-8014-b651e29d95a3"}

 ✓ tests/schema-validation.test.ts  (2 tests | 1 skipped)
 ✓ tests/security/internal-worker-secret.test.ts  (2 tests) 1ms
stdout | tests/security/internal-worker-secret.test.ts > Internal Worker Secret Security > allows worker execution with valid secret
{"level":"INFO","msg":"Worker batch started","timestamp":"2026-06-04T04:51:35.223Z","requestId":"eae3fe40-3cfe-447b-8a6d-9e3d9f4567cf","feature":"event-worker"}
{"level":"INFO","msg":"Worker batch completed","timestamp":"2026-06-04T04:51:35.223Z","processed":0,"failed":0,"skipped":0,"durationMs":0,"requestId":"eae3fe40-3cfe-447b-8a6d-9e3d9f4567cf","feature":"event-worker"}

 ✓ tests/events/dead-letter.test.ts  (1 test) 1ms
stdout | tests/events/dead-letter.test.ts > Dead Letter Queue Tests > moves permanently failing events to dead-letter or failed status
{"level":"INFO","msg":"Event worker leases acquired","timestamp":"2026-06-04T04:51:35.240Z","workerId":"e34dcfb0-1a25-498a-b360-f0371982270f","feature":"event-worker","leaseCount":1}
{"level":"INFO","msg":"Event consumer started","timestamp":"2026-06-04T04:51:35.240Z","workerId":"e34dcfb0-1a25-498a-b360-f0371982270f","traceId":"event-dlq","feature":"event-worker","eventId":"event-dlq","eventType":"TEST_EVENT","consumer":"test-consumer"}

stderr | tests/events/dead-letter.test.ts > Dead Letter Queue Tests > moves permanently failing events to dead-letter or failed status
{"level":"WARN","msg":"Cheap agentic cycle skipped: event lacks user_id","timestamp":"2026-06-04T04:51:35.240Z","eventId":"event-dlq","eventType":"TEST_EVENT"}
{"level":"ERROR","msg":"Event consumer failed","error":"undefined","timestamp":"2026-06-04T04:51:35.240Z","consumer":"test-consumer","event_type":"TEST_EVENT","duration_ms":0,"success":false}
{"level":"ERROR","msg":"Critical error captured","error":"Fail","stack":"Error: Fail\n    at Function.processLease (/Users/ashishsingh/Desktop/neetapp.nosync/lib/events/worker.ts:308:15)\n    at /Users/ashishsingh/Desktop/neetapp.nosync/lib/events/worker.ts:216:25\n    at async Promise.all (index 0)\n    at Function.processLeasesWithBoundedConcurrency (/Users/ashishsingh/Desktop/neetapp.nosync/lib/events/worker.ts:229:5)\n    at Function.processBatch (/Users/ashishsingh/Desktop/neetapp.nosync/lib/events/worker.ts:128:12)\n    at /Users/ashishsingh/Desktop/neetapp.nosync/tests/events/dead-letter.test.ts:59:20\n    at runTest (file:///Users/ashishsingh/Desktop/neetapp.nosync/node_modules/@vitest/runner/dist/index.js:781:11)\n    at runSuite (file:///Users/ashishsingh/Desktop/neetapp.nosync/node_modules/@vitest/runner/dist/index.js:909:15)\n    at runSuite (file:///Users/ashishsingh/Desktop/neetapp.nosync/node_modules/@vitest/runner/dist/index.js:909:15)\n    at runFiles (file:///Users/ashishsingh/Desktop/neetapp.nosync/node_modules/@vitest/runner/dist/index.js:958:5)","timestamp":"2026-06-04T04:51:35.240Z"}
{"level":"WARN","msg":"Event consumer moved to DLQ","timestamp":"2026-06-04T04:51:35.240Z","feature":"event-worker","eventId":"event-dlq","eventType":"TEST_EVENT","consumer":"test-consumer","retryCount":6}
{"level":"WARN","msg":"Event consumer failed","timestamp":"2026-06-04T04:51:35.240Z","workerId":"e34dcfb0-1a25-498a-b360-f0371982270f","traceId":"event-dlq","feature":"event-worker","eventId":"event-dlq","eventType":"TEST_EVENT","consumer":"test-consumer","durationMs":0,"error":"Fail"}

 ✓ tests/ai-rate-limits.test.ts  (5 tests) 2ms
 ✓ tests/chat/chat-persistence.test.ts  (2 tests) 1ms
 ✓ tests/security/auth-boundaries.test.ts  (3 tests) 1ms
 ✓ tests/events/event-enqueue.test.ts  (3 tests) 1ms
stdout | tests/events/event-enqueue.test.ts > Event Enqueue Tests > enqueues a valid event using rpc
{"level":"INFO","msg":"Event enqueued to Postgres","timestamp":"2026-06-04T04:51:35.267Z","userId":"user-123","eventId":"event-id-123","type":"VALID_EVENT","consumers":["test-consumer"],"feature":"event-enqueue","traceId":"fa957bf9-37be-4d9b-9ca9-371932cac515"}

 ✓ tests/events/idempotency.test.ts  (2 tests) 1ms
stdout | tests/events/idempotency.test.ts > Event Idempotency Tests > generates deterministic idempotency keys if not provided
{"level":"INFO","msg":"Event enqueued to Postgres","timestamp":"2026-06-04T04:51:35.271Z","userId":"u1","eventId":"id-1","type":"T1","consumers":["test"],"feature":"event-enqueue","traceId":"d2ac5bb8-173f-4125-bacb-06702f206042"}
{"level":"INFO","msg":"Event enqueued to Postgres","timestamp":"2026-06-04T04:51:35.271Z","userId":"u1","eventId":"id-1","type":"T1","consumers":["test"],"feature":"event-enqueue","traceId":"fec13e48-89ef-4234-9127-79ec589aa695"}

stdout | tests/events/idempotency.test.ts > Event Idempotency Tests > respects provided idempotency key
{"level":"INFO","msg":"Event enqueued to Postgres","timestamp":"2026-06-04T04:51:35.271Z","userId":"u1","eventId":"id-2","type":"T1","consumers":["test"],"feature":"event-enqueue","traceId":"a2b7ed1e-bed8-440d-9503-c8552bac91f2"}

 ✓ tests/security/adminAuthBoundaries.test.ts  (2 tests) 1ms
stdout | tests/chat/chat-route.test.ts > Chat Route Tests > rejects empty payload
{"level":"INFO","msg":"Chat request started","timestamp":"2026-06-04T04:51:35.291Z","userId":"user-123","requestId":"b23ffae6-e6cd-4930-bb86-4837c9a1c88d","feature":"chat"}

 ✓ tests/chat/chat-route.test.ts  (2 tests) 1ms
 ✓ tests/contracts/noUnbudgetedAI.test.ts  (1 test) 13ms
 ✓ tests/security/internal-routes-auth-contract.test.ts  (2 tests) 1ms
 ✓ tests/contracts/sessionCardResponse.test.ts  (4 tests) 1ms
 ✓ tests/security/admin-routes.test.ts  (2 tests) 1ms
 ✓ tests/agents/actionPolicy.test.ts  (4 tests) 1ms
 ✓ tests/events/cheapAgenticCycle.test.ts  (2 tests) 2ms
 ✓ tests/db/schema-contract.test.ts  (2 tests) 3ms
 ✓ tests/contracts/privateBetaSurface.test.ts  (2 tests)
 ✓ tests/engines/revisionDedupe.test.ts  (1 test) 7ms
 ✓ tests/services/aiUsageBudget.test.ts  (2 tests) 3ms
stderr | tests/services/aiUsageBudget.test.ts > AI usage budget enforcement > allows requests within the configured daily budget
{"level":"WARN","msg":"DEPRECATED CALL: assertDailyAIUsageBudget called. Migrate to cost-guard.","timestamp":"2026-06-04T04:51:35.360Z","userId":"user-1"}

stderr | tests/services/aiUsageBudget.test.ts > AI usage budget enforcement > rejects requests that would exceed the configured daily budget
{"level":"WARN","msg":"DEPRECATED CALL: assertDailyAIUsageBudget called. Migrate to cost-guard.","timestamp":"2026-06-04T04:51:35.360Z","userId":"user-1"}

 ✓ tests/atlas/prerequisiteTraversal.test.ts  (2 tests) 1ms
 ✓ tests/agents/agentBetaPolicy.test.ts  (4 tests)
 ✓ tests/components/SessionClosingCard.test.ts  (6 tests)
 ✓ tests/security/rls-policy-contract.test.ts  (2 tests) 1ms
 ✓ tests/rag/ragLimits.test.ts  (3 tests)
 ✓ tests/engines/conceptNormalization.test.ts  (4 tests)
 ✓ tests/events/event-routing-contract.test.ts  (2 tests)
 ✓ tests/config/featureFlags.test.ts  (10 tests)
 ✓ tests/agents/policy.test.ts  (3 tests)
 ✓ tests/engines/masteryPropagation.test.ts  (2 tests) 1ms
 ✓ __tests__/unit/daily-microtask.test.ts  (1 test) 2ms
 ✓ tests/events/publicEventsRoute.test.ts  (1 test) 6ms
 ✓ tests/contracts/ragDurabilityRoutes.test.ts  (2 tests)
 ✓ tests/contracts/chatBudgetLifecycle.test.ts  (1 test)
 ✓ tests/chat/budget-guard.test.ts  (1 test)
 ✓ tests/ai/tokenBudget.test.ts  (1 test)
 ✓ tests/worker.test.ts  (2 tests)
 ✓ tests/rag/ragFinalFixes.test.ts  (3 tests)
 ✓ tests/rag/ragPromptGrounding.test.ts  (2 tests) 1ms
 ✓ tests/rag/ragChunking.test.ts  (2 tests) 1ms
 ✓ tests/services/episodicMemory.test.ts  (2 tests)
 ✓ tests/events/autopsyEvidence.test.ts  (3 tests)
 ✓ tests/security/ragIngestAuth.test.ts  (3 tests)
 ✓ tests/practice/practiceIdempotency.test.ts  (2 tests)
 ✓ tests/practice/answer-normalization.test.ts  (2 tests)
 ✓ tests/admin/adminQueueRoutes.test.ts  (1 test)
 ✓ tests/commands/command-engine.test.ts  (1 test)
 ✓ tests/mvp/mvp-loop.integration.test.ts  (1 test)
 ✓ tests/chat/model-router.test.ts  (3 tests)
 ✓ tests/autopsy/classifier.test.ts  (1 test)
 ✓ tests/ai/promptVersion.test.ts  (3 tests)
 ✓ tests/observability/requestId.test.ts  (1 test) 2ms
 ✓ tests/autopsy/autopsy-generation.test.ts  (2 tests)
 ✓ tests/planner/study-planner.test.ts  (3 tests)
 ✓ tests/engines/revision-engine-fallback.test.ts  (1 test)
 ✓ tests/events/schema-practice.test.ts  (1 test)
 ✓ tests/planner/exam-date-validation.test.ts  (3 tests)
 ✓ tests/autopsy/mastery-update.test.ts  (2 tests)
 ✓ tests/documents/flashcard-generation.test.ts  (2 tests)
 ✓ tests/commands/command-security.test.ts  (3 tests)
 ✓ tests/commands/command-status.test.ts  (2 tests)
 ✓ tests/documents/formula-sheet-generation.test.ts  (2 tests)
 ✓ tests/print-env.test.ts  (1 test)
stdout | tests/print-env.test.ts > print env
SUPABASE_TEST_URL: undefined
NEXT_PUBLIC_SUPABASE_URL: http://localhost:54321
SUPABASE_SERVICE_ROLE_KEY: true

 ✓ tests/api/autopsy-manual-review.test.ts  (1 test)

⎯⎯⎯⎯⎯⎯⎯ Failed Tests 3 ⎯⎯⎯⎯⎯⎯⎯

 FAIL  tests/contracts/noSchemaDrift.test.ts > migration contracts > runtime table and RPC references exist in active migrations
AssertionError: expected [ …(2) ] to deeply equal []

- Expected
+ Received

- Array []
+ Array [
+   "get_ai_usage_summary_v2: app/api/admin/ai-telemetry/route.ts",
+   "storage:autopsy-evidence: lib/services/autopsy-jobs.ts",
+ ]

 ❯ tests/contracts/noSchemaDrift.test.ts:184:28
    182|     }
    183| 
    184|     expect(missing.sort()).toEqual([]);
       |                            ^
    185|   });
    186| });

⎯⎯⎯⎯⎯⎯⎯⎯⎯⎯⎯⎯⎯⎯⎯⎯⎯⎯⎯⎯⎯⎯⎯⎯[1/3]⎯

 FAIL  tests/db/runtime-table-usage.test.ts > Runtime Table Usage Consistency > ensures referenced tables in Supabase calls exist in known tables
AssertionError: Table autopsy-evidence used in runtime code but not known in test schema list.: expected false to be true // Object.is equality

- Expected
+ Received

- true
+ false

 ❯ tests/db/runtime-table-usage.test.ts:42:112
     40|       
     41|       // If a table is used, it must be known
     42|       expect(knownTables.has(table), `Table ${table} used in runtime c…
       |                                                                                                                ^
     43|     }
     44|   });

⎯⎯⎯⎯⎯⎯⎯⎯⎯⎯⎯⎯⎯⎯⎯⎯⎯⎯⎯⎯⎯⎯⎯⎯[2/3]⎯

 FAIL  tests/services/commandPlan.test.ts > COMMAND plan service > creates an idempotent daily plan without persisting non-allowlisted beta actions
AssertionError: expected [ { id: 'agent_actions-1', …(17) } ] to deeply equal []

- Expected
+ Received

- Array []
+ Array [
+   Object {
+     "action_type": "plan_created",
+     "after_state": Object {},
+     "agent_name": "command",
+     "approval_status": "rejected",
+     "before_state": Object {},
+     "confidence": 1,
+     "created_at": "2026-06-04T04:51:30.915Z",
+     "evidence": Object {
+       "briefing": "Last time: Student confused oxidation potential with reduction potential. Today's risk: repeating Electrochemistry mistakes. Today's plan (2026-06-01): Revise due cards: Electrochemistry | Repair mistake-review gap: Electrochemistry | Progress weak-area block: Plant Physiology Transport. Due revision: 1 card(s). First action: Revise due cards: Electrochemistry.",
+       "date": "2026-06-01",
+       "tasks": 4,
+     },
+     "id": "agent_actions-1",
+     "idempotency_key": "command_plan_created:00000000-0000-0000-0000-000000000001:2026-06-01",
+     "reason": "Agent actions are disabled for beta stability.",
+     "risk_level": "safe_auto",
+     "run_id": null,
+     "status": "skipped",
+     "target_id": null,
+     "target_type": "daily_plan",
+     "updated_at": "2026-06-04T04:51:30.915Z",
+     "user_id": "00000000-0000-0000-0000-000000000001",
+   },
+ ]

 ❯ tests/services/commandPlan.test.ts:218:33
    216|     expect(state.daily_plans).toHaveLength(1);
    217|     expect(state.study_tasks).toHaveLength(first.tasks.length);
    218|     expect(state.agent_actions).toEqual([]);
       |                                 ^
    219| 
    220|     const second = await ensureCommandPlanForDate({

⎯⎯⎯⎯⎯⎯⎯⎯⎯⎯⎯⎯⎯⎯⎯⎯⎯⎯⎯⎯⎯⎯⎯⎯[3/3]⎯

 Test Files  3 failed | 112 passed | 2 skipped (117)
      Tests  3 failed | 404 passed | 22 skipped (429)
   Start at  10:21:30
   Duration  5.33s (transform 547ms, setup 69ms, collect 995ms, tests 4.06s, environment 0ms, prepare 59ms)

